// Jest Snapshot v1, https://goo.gl/fbAQLP

exports[`NewCardForm that it matches an existing snapshot 1`] = `
ShallowWrapper {
  Symbol(enzyme.__root__): [Circular],
  Symbol(enzyme.__unrendered__): <NewCardForm
    onAddCardCallback={[Function]}
/>,
  Symbol(enzyme.__renderer__): Object {
    "batchedUpdates": [Function],
    "getNode": [Function],
    "render": [Function],
    "simulateError": [Function],
    "simulateEvent": [Function],
    "unmount": [Function],
  },
  Symbol(enzyme.__node__): Object {
    "instance": null,
    "key": undefined,
    "nodeType": "host",
    "props": Object {
      "children": <div
        className="new-card-form__form"
>
        <textarea
                className="new-card-form__form-textarea"
                name="text"
                onChange={[Function]}
                placeholder="Inspiration goes here!"
                value=""
        />
        <label
                className="new-card-form__form-label"
        >
                Pick an Emoji
        </label>
        <select
                className="new-card-form__form-select"
                name="emoji"
                onChange={[Function]}
                value=""
        >
                <option
                        value=""
                >
                         
                         
                </option>
                <option
                        value="heart_eyes"
                >
                         
                        😍
                         
                </option>
                <option
                        value="beer"
                >
                         
                        🍺
                         
                </option>
                <option
                        value="clap"
                >
                         
                        👏
                         
                </option>
                <option
                        value="sparkling_heart"
                >
                         
                        💖
                         
                </option>
                <option
                        value="heart_eyes_cat"
                >
                         
                        😻
                         
                </option>
                <option
                        value="dog"
                >
                         
                        🐶
                         
                </option>
        </select>
        <input
                className="new-card-form__form-button"
                name="submit"
                type="submit"
                value="Add a Card"
        />
</div>,
      "className": "new-card-form",
      "id": "new-card-form",
      "name": "new-card-form",
      "onSubmit": [Function],
    },
    "ref": null,
    "rendered": Object {
      "instance": null,
      "key": undefined,
      "nodeType": "host",
      "props": Object {
        "children": Array [
          <textarea
            className="new-card-form__form-textarea"
            name="text"
            onChange={[Function]}
            placeholder="Inspiration goes here!"
            value=""
/>,
          <label
            className="new-card-form__form-label"
>
            Pick an Emoji
</label>,
          <select
            className="new-card-form__form-select"
            name="emoji"
            onChange={[Function]}
            value=""
>
            <option
                        value=""
            >
                         
                         
            </option>
            <option
                        value="heart_eyes"
            >
                         
                        😍
                         
            </option>
            <option
                        value="beer"
            >
                         
                        🍺
                         
            </option>
            <option
                        value="clap"
            >
                         
                        👏
                         
            </option>
            <option
                        value="sparkling_heart"
            >
                         
                        💖
                         
            </option>
            <option
                        value="heart_eyes_cat"
            >
                         
                        😻
                         
            </option>
            <option
                        value="dog"
            >
                         
                        🐶
                         
            </option>
</select>,
          <input
            className="new-card-form__form-button"
            name="submit"
            type="submit"
            value="Add a Card"
/>,
        ],
        "className": "new-card-form__form",
      },
      "ref": null,
      "rendered": Array [
        Object {
          "instance": null,
          "key": undefined,
          "nodeType": "host",
          "props": Object {
            "className": "new-card-form__form-textarea",
            "name": "text",
            "onChange": [Function],
            "placeholder": "Inspiration goes here!",
            "value": "",
          },
          "ref": null,
          "rendered": null,
          "type": "textarea",
        },
        Object {
          "instance": null,
          "key": undefined,
          "nodeType": "host",
          "props": Object {
            "children": "Pick an Emoji",
            "className": "new-card-form__form-label",
          },
          "ref": null,
          "rendered": "Pick an Emoji",
          "type": "label",
        },
        Object {
          "instance": null,
          "key": undefined,
          "nodeType": "host",
          "props": Object {
            "children": Array [
              <option
                value=""
>
                 
                 
</option>,
              <option
                value="heart_eyes"
>
                 
                😍
                 
</option>,
              <option
                value="beer"
>
                 
                🍺
                 
</option>,
              <option
                value="clap"
>
                 
                👏
                 
</option>,
              <option
                value="sparkling_heart"
>
                 
                💖
                 
</option>,
              <option
                value="heart_eyes_cat"
>
                 
                😻
                 
</option>,
              <option
                value="dog"
>
                 
                🐶
                 
</option>,
            ],
            "className": "new-card-form__form-select",
            "name": "emoji",
            "onChange": [Function],
            "value": "",
          },
          "ref": null,
          "rendered": Array [
            Object {
              "instance": null,
              "key": "",
              "nodeType": "host",
              "props": Object {
                "children": Array [
                  " ",
                  undefined,
                  " ",
                ],
                "value": "",
              },
              "ref": null,
              "rendered": Array [
                " ",
                undefined,
                " ",
              ],
              "type": "option",
            },
            Object {
              "instance": null,
              "key": "heart_eyes",
              "nodeType": "host",
              "props": Object {
                "children": Array [
                  " ",
                  "😍",
                  " ",
                ],
                "value": "heart_eyes",
              },
              "ref": null,
              "rendered": Array [
                " ",
                "😍",
                " ",
              ],
              "type": "option",
            },
            Object {
              "instance": null,
              "key": "beer",
              "nodeType": "host",
              "props": Object {
                "children": Array [
                  " ",
                  "🍺",
                  " ",
                ],
                "value": "beer",
              },
              "ref": null,
              "rendered": Array [
                " ",
                "🍺",
                " ",
              ],
              "type": "option",
            },
            Object {
              "instance": null,
              "key": "clap",
              "nodeType": "host",
              "props": Object {
                "children": Array [
                  " ",
                  "👏",
                  " ",
                ],
                "value": "clap",
              },
              "ref": null,
              "rendered": Array [
                " ",
                "👏",
                " ",
              ],
              "type": "option",
            },
            Object {
              "instance": null,
              "key": "sparkling_heart",
              "nodeType": "host",
              "props": Object {
                "children": Array [
                  " ",
                  "💖",
                  " ",
                ],
                "value": "sparkling_heart",
              },
              "ref": null,
              "rendered": Array [
                " ",
                "💖",
                " ",
              ],
              "type": "option",
            },
            Object {
              "instance": null,
              "key": "heart_eyes_cat",
              "nodeType": "host",
              "props": Object {
                "children": Array [
                  " ",
                  "😻",
                  " ",
                ],
                "value": "heart_eyes_cat",
              },
              "ref": null,
              "rendered": Array [
                " ",
                "😻",
                " ",
              ],
              "type": "option",
            },
            Object {
              "instance": null,
              "key": "dog",
              "nodeType": "host",
              "props": Object {
                "children": Array [
                  " ",
                  "🐶",
                  " ",
                ],
                "value": "dog",
              },
              "ref": null,
              "rendered": Array [
                " ",
                "🐶",
                " ",
              ],
              "type": "option",
            },
          ],
          "type": "select",
        },
        Object {
          "instance": null,
          "key": undefined,
          "nodeType": "host",
          "props": Object {
            "className": "new-card-form__form-button",
            "name": "submit",
            "type": "submit",
            "value": "Add a Card",
          },
          "ref": null,
          "rendered": null,
          "type": "input",
        },
      ],
      "type": "div",
    },
    "type": "form",
  },
  Symbol(enzyme.__nodes__): Array [
    Object {
      "instance": null,
      "key": undefined,
      "nodeType": "host",
      "props": Object {
        "children": <div
          className="new-card-form__form"
>
          <textarea
                    className="new-card-form__form-textarea"
                    name="text"
                    onChange={[Function]}
                    placeholder="Inspiration goes here!"
                    value=""
          />
          <label
                    className="new-card-form__form-label"
          >
                    Pick an Emoji
          </label>
          <select
                    className="new-card-form__form-select"
                    name="emoji"
                    onChange={[Function]}
                    value=""
          >
                    <option
                              value=""
                    >
                               
                               
                    </option>
                    <option
                              value="heart_eyes"
                    >
                               
                              😍
                               
                    </option>
                    <option
                              value="beer"
                    >
                               
                              🍺
                               
                    </option>
                    <option
                              value="clap"
                    >
                               
                              👏
                               
                    </option>
                    <option
                              value="sparkling_heart"
                    >
                               
                              💖
                               
                    </option>
                    <option
                              value="heart_eyes_cat"
                    >
                               
                              😻
                               
                    </option>
                    <option
                              value="dog"
                    >
                               
                              🐶
                               
                    </option>
          </select>
          <input
                    className="new-card-form__form-button"
                    name="submit"
                    type="submit"
                    value="Add a Card"
          />
</div>,
        "className": "new-card-form",
        "id": "new-card-form",
        "name": "new-card-form",
        "onSubmit": [Function],
      },
      "ref": null,
      "rendered": Object {
        "instance": null,
        "key": undefined,
        "nodeType": "host",
        "props": Object {
          "children": Array [
            <textarea
              className="new-card-form__form-textarea"
              name="text"
              onChange={[Function]}
              placeholder="Inspiration goes here!"
              value=""
/>,
            <label
              className="new-card-form__form-label"
>
              Pick an Emoji
</label>,
            <select
              className="new-card-form__form-select"
              name="emoji"
              onChange={[Function]}
              value=""
>
              <option
                            value=""
              >
                             
                             
              </option>
              <option
                            value="heart_eyes"
              >
                             
                            😍
                             
              </option>
              <option
                            value="beer"
              >
                             
                            🍺
                             
              </option>
              <option
                            value="clap"
              >
                             
                            👏
                             
              </option>
              <option
                            value="sparkling_heart"
              >
                             
                            💖
                             
              </option>
              <option
                            value="heart_eyes_cat"
              >
                             
                            😻
                             
              </option>
              <option
                            value="dog"
              >
                             
                            🐶
                             
              </option>
</select>,
            <input
              className="new-card-form__form-button"
              name="submit"
              type="submit"
              value="Add a Card"
/>,
          ],
          "className": "new-card-form__form",
        },
        "ref": null,
        "rendered": Array [
          Object {
            "instance": null,
            "key": undefined,
            "nodeType": "host",
            "props": Object {
              "className": "new-card-form__form-textarea",
              "name": "text",
              "onChange": [Function],
              "placeholder": "Inspiration goes here!",
              "value": "",
            },
            "ref": null,
            "rendered": null,
            "type": "textarea",
          },
          Object {
            "instance": null,
            "key": undefined,
            "nodeType": "host",
            "props": Object {
              "children": "Pick an Emoji",
              "className": "new-card-form__form-label",
            },
            "ref": null,
            "rendered": "Pick an Emoji",
            "type": "label",
          },
          Object {
            "instance": null,
            "key": undefined,
            "nodeType": "host",
            "props": Object {
              "children": Array [
                <option
                  value=""
>
                   
                   
</option>,
                <option
                  value="heart_eyes"
>
                   
                  😍
                   
</option>,
                <option
                  value="beer"
>
                   
                  🍺
                   
</option>,
                <option
                  value="clap"
>
                   
                  👏
                   
</option>,
                <option
                  value="sparkling_heart"
>
                   
                  💖
                   
</option>,
                <option
                  value="heart_eyes_cat"
>
                   
                  😻
                   
</option>,
                <option
                  value="dog"
>
                   
                  🐶
                   
</option>,
              ],
              "className": "new-card-form__form-select",
              "name": "emoji",
              "onChange": [Function],
              "value": "",
            },
            "ref": null,
            "rendered": Array [
              Object {
                "instance": null,
                "key": "",
                "nodeType": "host",
                "props": Object {
                  "children": Array [
                    " ",
                    undefined,
                    " ",
                  ],
                  "value": "",
                },
                "ref": null,
                "rendered": Array [
                  " ",
                  undefined,
                  " ",
                ],
                "type": "option",
              },
              Object {
                "instance": null,
                "key": "heart_eyes",
                "nodeType": "host",
                "props": Object {
                  "children": Array [
                    " ",
                    "😍",
                    " ",
                  ],
                  "value": "heart_eyes",
                },
                "ref": null,
                "rendered": Array [
                  " ",
                  "😍",
                  " ",
                ],
                "type": "option",
              },
              Object {
                "instance": null,
                "key": "beer",
                "nodeType": "host",
                "props": Object {
                  "children": Array [
                    " ",
                    "🍺",
                    " ",
                  ],
                  "value": "beer",
                },
                "ref": null,
                "rendered": Array [
                  " ",
                  "🍺",
                  " ",
                ],
                "type": "option",
              },
              Object {
                "instance": null,
                "key": "clap",
                "nodeType": "host",
                "props": Object {
                  "children": Array [
                    " ",
                    "👏",
                    " ",
                  ],
                  "value": "clap",
                },
                "ref": null,
                "rendered": Array [
                  " ",
                  "👏",
                  " ",
                ],
                "type": "option",
              },
              Object {
                "instance": null,
                "key": "sparkling_heart",
                "nodeType": "host",
                "props": Object {
                  "children": Array [
                    " ",
                    "💖",
                    " ",
                  ],
                  "value": "sparkling_heart",
                },
                "ref": null,
                "rendered": Array [
                  " ",
                  "💖",
                  " ",
                ],
                "type": "option",
              },
              Object {
                "instance": null,
                "key": "heart_eyes_cat",
                "nodeType": "host",
                "props": Object {
                  "children": Array [
                    " ",
                    "😻",
                    " ",
                  ],
                  "value": "heart_eyes_cat",
                },
                "ref": null,
                "rendered": Array [
                  " ",
                  "😻",
                  " ",
                ],
                "type": "option",
              },
              Object {
                "instance": null,
                "key": "dog",
                "nodeType": "host",
                "props": Object {
                  "children": Array [
                    " ",
                    "🐶",
                    " ",
                  ],
                  "value": "dog",
                },
                "ref": null,
                "rendered": Array [
                  " ",
                  "🐶",
                  " ",
                ],
                "type": "option",
              },
            ],
            "type": "select",
          },
          Object {
            "instance": null,
            "key": undefined,
            "nodeType": "host",
            "props": Object {
              "className": "new-card-form__form-button",
              "name": "submit",
              "type": "submit",
              "value": "Add a Card",
            },
            "ref": null,
            "rendered": null,
            "type": "input",
          },
        ],
        "type": "div",
      },
      "type": "form",
    },
  ],
  Symbol(enzyme.__options__): Object {
    "adapter": ReactSixteenAdapter {
      "options": Object {
        "enableComponentDidUpdateOnSetState": true,
        "lifecycles": Object {
          "componentDidUpdate": Object {
            "onSetState": true,
          },
          "getDerivedStateFromProps": true,
          "getSnapshotBeforeUpdate": true,
          "setState": Object {
            "skipsComponentDidUpdateOnNullish": true,
          },
        },
      },
    },
  },
}
`;
